f1,83.33333333333333333333333
f2,70
f3,-1879.28347502250773
f4,-0.88754